// Jest Snapshot v1, https://goo.gl/fbAQLP

exports[`serve 命令和 build 命令的 E2E 测试 1`] = `
"!function(){var t,e={670:function(t){t.exports='<div class=\\"comment\\">\\\\n    <div class=\\"comment-user\\">\\\\n      <span>{{username}} </span>：\\\\n    </div>\\\\n    <p>{{content}}</p>\\\\n  </div>\\\\n'},7045:function(t){t.exports='<div class=\\"comment-input\\">\\\\n    <div class=\\"comment-field\\">\\\\n      <span class=\\"comment-field-name\\">用户名：</span>\\\\n      <div class=\\"comment-field-input\\">\\\\n        <input value=\\"{{username}}\\" disabled>\\\\n      </div>\\\\n    </div>\\\\n    <div class=\\"comment-field\\">\\\\n      <span class=\\"comment-field-name\\">评论内容：</span>\\\\n      <div class=\\"comment-field-input\\">\\\\n            <textarea value=\\"{=content=}\\">\\\\n        </div>\\\\n    </div>\\\\n    <div class=\\"comment-field-button\\">\\\\n      <button on-click=\\"submit\\">发布</button>\\\\n    </div>\\\\n</div>\\\\n'},7186:function(t,e,n){\\"use strict\\";n.r(e)},5118:function(t,e,n){\\"use strict\\";n.r(e)},9264:function(t,e,n){\\"use strict\\";n.r(e)},6872:function(t,e,n){\\"use strict\\";Object.defineProperty(e,\\"__esModule\\",{value:!0}),e.default=void 0,n(7186);var a={template:n(670)};e.default=a},5697:function(t,e,n){\\"use strict\\";Object.defineProperty(e,\\"__esModule\\",{value:!0}),e.default=void 0,n(5118);var a={initData:()=>({content:\\"\\"}),template:n(7045),submit(){this.fire(\\"submit\\",this.data.get(\\"content\\"))}};e.default=a},8812:function(t,e,n){\\"use strict\\";Object.defineProperty(e,\\"__esModule\\",{value:!0}),e.default=void 0;var a=n(5887);var o=(t,e)=>{const n=document;let o,i;if(t instanceof a.Component)o=t;else{o=new((0,a.defineComponent)(t))}switch(typeof e){case\\"string\\":i=n.querySelector(e);break;case\\"undefined\\":i=n.body;break;default:if(!e.nodeType||!e.nodeName)throw new Error(e+\\" must be an DOM or DOM-selector!\\");i=e}return o.attach(i),o};e.default=o},6285:function(t,e,n){\\"use strict\\";var a=n(4398).default;Object.defineProperty(e,\\"__esModule\\",{value:!0}),e.default=void 0;var o=a(n(566));n(9264);var i=n(5887),s=a(n(5697)),r=a(n(6872)),u=n(7488);class c extends i.Component{constructor(t){super(t)}initData(){return{content:\\"\\",comments:[],userInfo:{},isLoading:!1}}attached(){this.getData()}submit(t){(0,u.publish)({username:this.data.get(\\"userInfo.username\\"),content:t}).then((({status:t,data:e})=>{200===t&&0===e.errno&&(this.data.push(\\"comments\\",e.data),this.data.set(\\"content\\",\\"\\"))}))}getData(t){return(0,u.getData)().then((({data:t,status:e})=>{if(0===t.errno&&t.data){const{user:e,comments:n}=t.data;this.data.set(\\"comments\\",n),this.data.set(\\"userInfo\\",e)}}))}}e.default=c,(0,o.default)(c,\\"template\\",'\\\\n    <div class=\\"wrapper\\">\\\\n        <ui-pub on-submit=\\"submit\\" username=\\"{{userInfo.username}}\\" content=\\"{=content=}\\"/>\\\\n        <ui-comment s-for=\\"item in comments\\" username=\\"{{item.username}}\\" content=\\"{{item.content}}\\"/>\\\\n    </div>\\\\n    '),(0,o.default)(c,\\"components\\",{\\"ui-pub\\":s.default,\\"ui-comment\\":r.default})},2089:function(t,e,n){\\"use strict\\";var a=n(4398).default,o=a(n(8812)),i=a(n(6285));(0,o.default)(i.default,\\"#app\\")},7488:function(t,e,n){\\"use strict\\";Object.defineProperty(e,\\"__esModule\\",{value:!0}),e.publish=e.getData=void 0;var a=n(8719);e.getData=()=>(0,a.get)(\\"/api/getData\\");e.publish=t=>post(\\"/api/publish\\",t)}},n={};function a(t){var o=n[t];if(void 0!==o)return o.exports;var i=n[t]={exports:{}};return e[t].call(i.exports,i,i.exports,a),i.exports}a.m=e,t=[],a.O=function(e,n,o,i){if(!n){var s=1/0;for(c=0;c<t.length;c++){n=t[c][0],o=t[c][1],i=t[c][2];for(var r=!0,u=0;u<n.length;u++)(!1&i||s>=i)&&Object.keys(a.O).every((function(t){return a.O[t](n[u])}))?n.splice(u--,1):(r=!1,i<s&&(s=i));r&&(t.splice(c--,1),e=o())}return e}i=i||0;for(var c=t.length;c>0&&t[c-1][2]>i;c--)t[c]=t[c-1];t[c]=[n,o,i]},a.g=function(){if(\\"object\\"==typeof globalThis)return globalThis;try{return this||new Function(\\"return this\\")()}catch(t){if(\\"object\\"==typeof window)return window}}(),a.o=function(t,e){return Object.prototype.hasOwnProperty.call(t,e)},a.r=function(t){\\"undefined\\"!=typeof Symbol&&Symbol.toStringTag&&Object.defineProperty(t,Symbol.toStringTag,{value:\\"Module\\"}),Object.defineProperty(t,\\"__esModule\\",{value:!0})},function(){var t={577:0};a.O.j=function(e){return 0===t[e]};var e=function(e,n){var o,i,s=n[0],r=n[1],u=n[2],c=0;for(o in r)a.o(r,o)&&(a.m[o]=r[o]);if(u)var d=u(a);for(e&&e(n);c<s.length;c++)i=s[c],a.o(t,i)&&t[i]&&t[i][0](),t[s[c]]=0;return a.O(d)},n=self.webpackChunke2e=self.webpackChunke2e||[];n.forEach(e.bind(null,0)),n.push=e.bind(null,n.push.bind(n))}();var o=a.O(void 0,[216],(function(){return a(2089)}));o=a.O(o)}();
//# sourceMappingURL=demo.0a480ea0.js.map"
`;
